// Vitest Snapshot v1, https://vitest.dev/guide/snapshot.html

exports[`workforce barrel export > exports all public symbols 1`] = `
[
  "DAY_NAMES",
  "LIFECYCLE_TRANSITION_MATRIX",
  "buildWorkforceContext",
  "getCalendarEvents",
  "getCurrentWeekStart",
  "getEmployeeDirectoryRows",
  "getEmployeeLifecycleEvents",
  "getEmployeeProfileByUserId",
  "getLeaveBalances",
  "getLeavePolicies",
  "getLeaveRequests",
  "getPendingTimesheetsForManager",
  "getTeamLeaveCalendar",
  "getTimesheetForWeek",
  "getWorkforceReferenceData",
  "summarizeEmployeeDisplayName",
  "validateE164",
  "validateEmployeeProfileInput",
  "validateLifecycleTransition",
]
`;
