// Vitest Snapshot v1, https://vitest.dev/guide/snapshot.html

exports[`shapeSignature > gives every current and frozen prior shape a signature with no unknown lane 1`] = `
{
  "acceptance-verification@1.0.0": "⬆ escalation · Person verify → ● success | ⊗ failure | ⧖ budget",
  "adopter-health-watch@1.0.0": "⏱ cadence · AI read → AI report → ◇ Person act [role:customer-owner] → ● success | ⊗ failure | ⧖ budget",
  "architecture-alignment-review@1.0.0": "⏱ cadence 🛡 authority-change · AI compare → ◇ Person ratify [role:architecture-owner] → ● success | ⊗ failure | ⧖ budget",
  "bookkeeping-period-cycle@1.0.0": "⏱ cadence ✋ claim · AI gather → AI import → AI categorize → AI reconcile → ◇ Person owner-close [role:finance-owner] → ● success | ⊗ failure | ⧖ budget",
  "catalog-scout-sweep@1.0.0": "⏱ cadence 〰 estate-drift · AI scan → ◇ Person adopt [role:platform-owner] → ● success | ⊗ failure | ⧖ budget",
  "consume-stream-orchestration@1.0.0": "⏱ cadence ⬆ escalation · AI survey → AI delegate → ◇ Person direct [role:consume-stream-owner] → ● success | ⊗ failure | ⧖ budget",
  "contributor-intake-watch@1.0.0": "⏱ cadence · AI sync → AI flag → ◇ Person admit [role:contributor-owner] → ● success | ⊗ failure | ⧖ budget",
  "contributor-intake-watch@1.1.0": "⏱ cadence · AI sync → AI flag → ◇ Person admit [role:contributor-owner] → ● success | ⊗ failure | ⧖ budget",
  "coworker-fitness-watch@1.0.0": "⏱ cadence ⌛ evidence-decay · AI measure → AI report → ◇ Person grant [role:workforce-owner] → ● success | ⊗ failure | ⧖ budget",
  "credential-hygiene-watch@1.0.0": "⏱ cadence ⌛ evidence-decay · AI scan → ◇ Person rotate [role:security-owner] → ● success | ⊗ failure | ⧖ budget",
  "cross-cutting-finance-position@1.0.0": "⏱ cadence 📅 deadline-horizon · AI read → ◇ Person act [role:finance-owner] → ● success | ⊗ failure | ⧖ budget",
  "cross-cutting-portfolio-standup@1.0.0": "⏱ cadence · AI read-across → AI name-the-stalls → ◇ Person owner-directs [role:owner] → ● success | ⊗ failure | ⧖ budget",
  "delivery-break-fix@1.0.0": "✋ claim · Person reproduce → Person repair → ◇ Person merge [role:author] → ◇ Person post-implementation-review [role:post-implementation-reviewer] → ● success | ⊗ failure | ⧖ budget",
  "delivery-large@1.0.0": "✋ claim · Person spec → ◇ Person spec-approval [role:design-checklist-reviewer] → ◇ Person plan [role:author] → Person implement → ◇ Person merge [role:author] → ◇ Person deploy [role:author] → ◇ Person accept [role:acceptance-reviewer] → ● success | ⊗ failure | ⧖ budget",
  "delivery-medium@1.0.0": "✋ claim · Person design-note → Person implement → ◇ Person merge [role:author] → ◇ Person accept [role:acceptance-reviewer] → ● success | ⊗ failure | ⧖ budget",
  "delivery-small@1.0.0": "✋ claim · Person reproduce → Person repair → ◇ Person merge [role:author] → Person runtime-check → ● success | ⊗ failure | ⧖ budget",
  "delivery-xlarge@1.0.0": "✋ claim · Person hypothesis → ◇ Person decompose [role:portfolio-owner] → Person children → ◇ Person reconcile [role:acceptance-reviewer] → ● success | ⊗ failure | ⧖ budget",
  "dependency-advisory-watch@1.0.0": "⏱ cadence 〰 estate-drift · AI sweep → AI raise → ◇ Person decide [role:security-owner] → ● success | ⊗ failure | ⧖ budget",
  "deploy-stream-orchestration@1.0.0": "⏱ cadence ⬆ escalation · AI survey → AI delegate → ◇ Person direct [role:deploy-stream-owner] → ● success | ⊗ failure | ⧖ budget",
  "detection-coverage-hunt@1.0.0": "⏱ cadence 〰 estate-drift · AI gap-scan → AI hunt → ◇ Person activate-content [role:security-owner] → ● success | ⊗ failure | ⧖ budget",
  "estate-conformance-watch@1.0.0": "⏱ cadence 〰 estate-drift · AI sweep → AI assess → AI inventory → ◇ Person accept-or-remediate [role:data-owner] → ● success | ⊗ failure | ⧖ budget",
  "evaluate-stream-orchestration@1.0.0": "⏱ cadence ⬆ escalation · AI survey → AI delegate → ◇ Person direct [role:evaluate-stream-owner] → ● success | ⊗ failure | ⧖ budget",
  "explore-stream-orchestration@1.0.0": "⏱ cadence ⬆ escalation · AI survey → AI delegate → ◇ Person direct [role:explore-stream-owner] → ● success | ⊗ failure | ⧖ budget",
  "external-build-handoff@1.0.0": "✋ claim ⬆ escalation · AI build → AI codex-build → AI grok-build → ◇ Person accept-evidence [role:delivery-coordinator] → ● success | ⊗ failure | ⧖ budget",
  "governance-stream-orchestration@1.0.0": "⏱ cadence ⬆ escalation · AI survey → AI delegate → ◇ Person direct [role:governance-stream-owner] → ● success | ⊗ failure | ⧖ budget",
  "inquiry-response-watch@1.0.0": "⬆ escalation ⏱ cadence · AI draft → ◇ Person send [role:customer-owner] → ● success | ⊗ failure | ⧖ budget",
  "integrate-stream-orchestration@1.0.0": "⏱ cadence ⬆ escalation · AI survey → AI delegate → ◇ Person direct [role:integrate-stream-owner] → ● success | ⊗ failure | ⧖ budget",
  "integration-surface-review@1.0.0": "⏱ cadence ✋ claim · AI inventory → AI assess → ◇ Person authorize [role:platform-owner] → ● success | ⊗ failure | ⧖ budget",
  "issue-triage-watch@1.0.0": "⏱ cadence · AI classify → AI dedupe → ◇ Person admit [role:backlog-owner] → ● success | ⊗ failure | ⧖ budget",
  "licence-currency-watch@1.0.0": "⏱ cadence ⌛ evidence-decay · AI re-verify → AI determine → ◇ Person adopt [role:compliance-owner] → ● success | ⊗ failure | ⧖ budget",
  "mailroom-triage-and-dispatch@1.0.0": "⏱ cadence ⬆ escalation · AI intake → AI triage-and-route → AI chase → ◇ Person approve-reply [role:customer-owner] → ● success | ⊗ failure | ⧖ budget",
  "market-research-brief@1.0.0": "✋ claim · AI frame → AI research → ◇ Person act-on-it [role:commercial-owner] → ● success | ⊗ failure | ⧖ budget",
  "obligation-assurance-watch@1.0.0": "⏱ cadence 📅 deadline-horizon · AI sweep → AI raise → ◇ Person decide [role:compliance-owner] → ● success | ⊗ failure | ⧖ budget",
  "operate-stream-orchestration@1.0.0": "⏱ cadence ⬆ escalation · AI survey → AI delegate → ◇ Person direct [role:operate-stream-owner] → ● success | ⊗ failure | ⧖ budget",
  "outward-surface-review@1.0.0": "⏱ cadence 🛡 authority-change · AI draft → AI storefront-fit → AI document → AI accessibility → ◇ Person publish [role:marketing-owner] → ● success | ⊗ failure | ⧖ budget",
  "payables-watch@1.0.0": "📅 deadline-horizon ⏱ cadence · AI read → AI report → ◇ Person pay [role:finance-owner] → ● success | ⊗ failure | ⧖ budget",
  "payables-watch@1.1.0": "📅 deadline-horizon ⏱ cadence · AI read → AI report → ◇ Person pay [role:finance-owner] → ● success | ⊗ failure | ⧖ budget",
  "pull-request-flow-watch@1.0.0": "⏱ cadence ⬆ escalation · AI read → AI classify → ◇ Person merge [role:change-approver] → ● success | ⊗ failure | ⧖ budget",
  "pull-request-flow-watch@1.1.0": "⏱ cadence ⬆ escalation · AI read → AI classify → ◇ Person merge [role:change-approver] → ● success | ⊗ failure | ⧖ budget",
  "release-readiness-watch@1.0.0": "⏱ cadence 📅 deadline-horizon · AI assemble → AI report → ◇ Person cut [role:release-owner] → ● success | ⊗ failure | ⧖ budget",
  "release-stream-orchestration@1.0.0": "⏱ cadence ⬆ escalation · AI survey → AI delegate → ◇ Person direct [role:release-stream-owner] → ● success | ⊗ failure | ⧖ budget",
  "repository-policy-drift-watch@1.0.0": "⏱ cadence 🛡 authority-change · AI read → AI diff → ◇ Person approve [role:platform-owner] → ● success | ⊗ failure | ⧖ budget",
  "seasonal-operations-watch@1.0.0": "⏱ cadence 📅 deadline-horizon · AI observe → AI file → ◇ Person decide [role:operations-owner] → ● success | ⊗ failure | ⧖ budget",
  "security-alert-triage-ladder@1.0.0": "✋ claim ⬆ escalation · AI enrich → AI verdict → AI scope → ◇ Person authorize-response [role:security-owner] → ● success | ⊗ failure | ⧖ budget",
  "security-incident-command@1.0.0": "⬆ escalation ✋ claim · AI declare → AI scope → ◇ Person authorize-containment [role:security-owner] → ◇ Person stand-down [role:security-owner] → ● success | ⊗ failure | ⧖ budget",
  "service-dispatch-cycle@1.0.0": "✋ claim 📅 deadline-horizon · AI assign → ◇ Person commit [role:operations-owner] → AI coordinate → ● success | ⊗ failure | ⧖ budget",
  "setup-business-understanding@1.0.0": "✋ claim · AI ask ⇄ → AI capture ⇄ → ◇ Person settle [role:owner] → ● success | ⊗ failure | ⧖ budget",
  "time-off-policy-currency@1.0.0": "⏱ cadence ⬆ escalation · AI detect-drift → AI draft-revision → ◇ Person publish [role:people-owner] → ● success | ⊗ failure | ⧖ budget",
  "ux-critique-pass@1.0.0": "✋ claim ⏱ cadence · AI observe → AI ground → ◇ Person adjudicate [role:design-owner] → ● success | ⊗ failure | ⧖ budget",
  "vendor-renewal-watch@1.0.0": "📅 deadline-horizon ⏱ cadence · AI read → AI report → ◇ Person decide [role:finance-owner] → ● success | ⊗ failure | ⧖ budget",
  "vendor-renewal-watch@1.1.0": "📅 deadline-horizon ⏱ cadence · AI read → AI report → ◇ Person decide [role:finance-owner] → ● success | ⊗ failure | ⧖ budget",
  "workforce-intake-cycle@1.0.0": "✋ claim 📅 deadline-horizon · AI intake → AI prepare → ◇ Person admit [role:people-owner] → ● success | ⊗ failure | ⧖ budget",
}
`;
