// Vitest Snapshot v1, https://vitest.dev/guide/snapshot.html

exports[`finance barrel export > exports all public symbols 1`] = `
[
  "ACCOUNT_TYPES",
  "AI_PROVIDER_BILLING_CADENCES",
  "AI_PROVIDER_FINANCE_STATUSES",
  "AI_PROVIDER_RECONCILIATION_STRATEGIES",
  "AI_PROVIDER_SNAPSHOT_CONFIDENCE",
  "AI_PROVIDER_SUBSCRIPTION_PAYMENT_METHODS",
  "AI_PROVIDER_VALUATION_METHODS",
  "AI_PROVIDER_WORK_ITEM_SEVERITIES",
  "AI_PROVIDER_WORK_ITEM_STATUSES",
  "ASSET_CATEGORIES",
  "ASSET_STATUSES",
  "BASE_CONTROL_ACCOUNTS",
  "BILL_STATUSES",
  "CLAIM_STATUSES",
  "DEPRECIATION_METHODS",
  "EXPENSE_CATEGORIES",
  "FREQUENCIES",
  "INVOICE_STATUSES",
  "INVOICE_TYPES",
  "JOURNAL_ENTRY_STATUSES",
  "JOURNAL_SOURCES",
  "LEDGER_ACCOUNT_TYPES",
  "MATCH_FIELDS",
  "MATCH_STATUSES",
  "MATCH_TYPES",
  "NORMAL_BALANCES",
  "PAYMENT_DIRECTIONS",
  "PAYMENT_METHODS",
  "PAYMENT_STATUSES",
  "POSTING_ACCOUNT_ROLES",
  "PO_STATUSES",
  "SCHEDULE_STATUSES",
  "SEVERITIES",
  "SUPPLIER_STATUSES",
  "activateAiProviderContract",
  "activateAiProviderContractSchema",
  "buildBillPostingLines",
  "buildDepreciationPostingLines",
  "buildInvoicePostingLines",
  "buildOrgChartOfAccounts",
  "buildPaymentPostingLines",
  "buildReversalPostingLines",
  "canTransitionSupplierStatus",
  "computeMonthlyDepreciation",
  "computeTrialBalance",
  "createAssetSchema",
  "createBankAccountSchema",
  "createBankRuleSchema",
  "createBillSchema",
  "createContractUsageSnapshot",
  "createContractUsageSnapshotSchema",
  "createDunningSequenceSchema",
  "createExpenseClaimSchema",
  "createFinanceWorkItemSchema",
  "createInvoiceSchema",
  "createPOSchema",
  "createPaymentRunSchema",
  "createRecurringScheduleSchema",
  "createSupplierSchema",
  "deriveFinancialStatements",
  "disposeAssetSchema",
  "ensureFinanceCommitment",
  "evaluateAiProviderUtilization",
  "evaluateSupplierOnboardingPosture",
  "formatFinancePeriodSummary",
  "generateDraftBillForAiContract",
  "getAiProviderFinanceDetail",
  "getAiSpendOverview",
  "getAiSupplierFinanceDetail",
  "getCurrencySymbol",
  "getFinancePeriodSummary",
  "isLedgerAccountType",
  "isPeriodLocked",
  "listAiProviderFinanceProfiles",
  "matchTransactionSchema",
  "maybeRunAiProviderFinanceDailyEvaluation",
  "normalBalanceForType",
  "periodKeyOf",
  "reconcileAiProviderFinanceGaps",
  "recordAiProviderSubscriptionPayment",
  "recordAiProviderSubscriptionPaymentSchema",
  "recordPaymentSchema",
  "resolveFinancePeriod",
  "resolvePostingAccounts",
  "seedAiProviderFinanceBridge",
  "seedAiProviderFinanceBridgeSchema",
  "signInvoiceSchema",
  "supplierOnboardingChecklistSchema",
  "toMinorUnits",
  "transitionSupplierStatus",
  "updateBillSchema",
  "updateExpenseClaimSchema",
  "updateInvoiceContentSchema",
  "updateInvoiceSchema",
  "updateScheduleStatusSchema",
  "updateSupplierProfile",
  "updateSupplierSchema",
  "validateJournalEntry",
  "validatePostingPeriod",
]
`;
