// Vitest Snapshot v1, https://vitest.dev/guide/snapshot.html

exports[`finance barrel export > exports all public symbols 1`] = `
[
  "ACCOUNT_TYPES",
  "ASSET_CATEGORIES",
  "ASSET_STATUSES",
  "BILL_STATUSES",
  "CLAIM_STATUSES",
  "DEPRECIATION_METHODS",
  "EXPENSE_CATEGORIES",
  "FREQUENCIES",
  "INVOICE_STATUSES",
  "INVOICE_TYPES",
  "MATCH_FIELDS",
  "MATCH_STATUSES",
  "MATCH_TYPES",
  "PAYMENT_DIRECTIONS",
  "PAYMENT_METHODS",
  "PAYMENT_STATUSES",
  "PO_STATUSES",
  "SCHEDULE_STATUSES",
  "SEVERITIES",
  "SUPPLIER_STATUSES",
  "createAssetSchema",
  "createBankAccountSchema",
  "createBankRuleSchema",
  "createBillSchema",
  "createDunningSequenceSchema",
  "createExpenseClaimSchema",
  "createInvoiceSchema",
  "createPOSchema",
  "createPaymentRunSchema",
  "createRecurringScheduleSchema",
  "createSupplierSchema",
  "disposeAssetSchema",
  "getCurrencySymbol",
  "matchTransactionSchema",
  "recordPaymentSchema",
  "updateBillSchema",
  "updateExpenseClaimSchema",
  "updateInvoiceSchema",
  "updateScheduleStatusSchema",
]
`;
