// Vitest Snapshot v1, https://vitest.dev/guide/snapshot.html

exports[`finance barrel export > exports all public symbols 1`] = `
[
  "ACCOUNT_TYPES",
  "AI_PROVIDER_BILLING_CADENCES",
  "AI_PROVIDER_FINANCE_STATUSES",
  "AI_PROVIDER_RECONCILIATION_STRATEGIES",
  "AI_PROVIDER_SNAPSHOT_CONFIDENCE",
  "AI_PROVIDER_VALUATION_METHODS",
  "AI_PROVIDER_WORK_ITEM_SEVERITIES",
  "AI_PROVIDER_WORK_ITEM_STATUSES",
  "ASSET_CATEGORIES",
  "ASSET_STATUSES",
  "BILL_STATUSES",
  "CLAIM_STATUSES",
  "DEPRECIATION_METHODS",
  "EXPENSE_CATEGORIES",
  "FREQUENCIES",
  "INVOICE_STATUSES",
  "INVOICE_TYPES",
  "MATCH_FIELDS",
  "MATCH_STATUSES",
  "MATCH_TYPES",
  "PAYMENT_DIRECTIONS",
  "PAYMENT_METHODS",
  "PAYMENT_STATUSES",
  "PO_STATUSES",
  "SCHEDULE_STATUSES",
  "SEVERITIES",
  "SUPPLIER_STATUSES",
  "activateAiProviderContract",
  "activateAiProviderContractSchema",
  "createAssetSchema",
  "createBankAccountSchema",
  "createBankRuleSchema",
  "createBillSchema",
  "createContractUsageSnapshot",
  "createContractUsageSnapshotSchema",
  "createDunningSequenceSchema",
  "createExpenseClaimSchema",
  "createFinanceWorkItemSchema",
  "createInvoiceSchema",
  "createPOSchema",
  "createPaymentRunSchema",
  "createRecurringScheduleSchema",
  "createSupplierSchema",
  "disposeAssetSchema",
  "evaluateAiProviderUtilization",
  "generateDraftBillForAiContract",
  "getAiProviderFinanceDetail",
  "getAiSpendOverview",
  "getAiSupplierFinanceDetail",
  "getCurrencySymbol",
  "listAiProviderFinanceProfiles",
  "matchTransactionSchema",
  "maybeRunAiProviderFinanceDailyEvaluation",
  "recordPaymentSchema",
  "seedAiProviderFinanceBridge",
  "seedAiProviderFinanceBridgeSchema",
  "updateBillSchema",
  "updateExpenseClaimSchema",
  "updateInvoiceSchema",
  "updateScheduleStatusSchema",
]
`;
