// Vitest Snapshot v1, https://vitest.dev/guide/snapshot.html

exports[`shared barrel export > exports all public symbols 1`] = `
[
  "AREA_META",
  "AREA_ORDER",
  "asNumber",
  "asString",
  "buildDocSearchText",
  "buildDocsIndex",
  "capParsedContentSize",
  "composeApprovalEmail",
  "composeDunningEmail",
  "composeExpenseApprovalEmail",
  "composeInvoiceEmail",
  "composeSignedConfirmationEmail",
  "deleteAttachmentsForThread",
  "err",
  "escapeCsvField",
  "extractHeadings",
  "getEmployeeAddresses",
  "getErrorMessage",
  "handleFileUpload",
  "isEmailConfigured",
  "isRecord",
  "isStale",
  "isStallWatchdogEnabled",
  "isUnifiedCoworkerEnabled",
  "loadAllDocs",
  "loadDocPage",
  "newId",
  "newestSignal",
  "ok",
  "parseCSV",
  "parseCsv",
  "parseDocFrontmatter",
  "parseDocx",
  "parseFileContent",
  "parseICal",
  "parsePdf",
  "parseXlsx",
  "readAttachmentImageAsDataUrl",
  "resolveBmrAuthority",
  "resolveProductProposalTarget",
  "safeRenderValue",
  "sendEmail",
  "slugify",
  "toCsv",
  "validateAddress",
]
`;
